2026-09-09 19:20:18  INFO      sql: CREATE TABLE t AS SELECT 1 in src: 
2026-09-09 19:20:18  INFO      sql: CREATE TABLE employee_count AS
SELECT dept_id, COUNT(*) AS emp_count
FROM employees
GROUP BY dept_id;
 in src: dml.sql
2026-09-09 19:20:18  INFO      sql: CREATE TABLE employee_count AS
SELECT dept_id, COUNT(*) AS emp_count
FROM employees
GROUP BY dept_id;
 in src: 
2026-09-09 19:20:18  INFO      sql: CREATE TABLE employee_count AS
SELECT dept_id, COUNT(*) AS emp_count
FROM employees
GROUP BY dept_id;
 in src: 
2026-09-09 19:20:18  INFO      sql: CREATE TABLE order_volumes AS
WITH orders_with_details AS (
  SELECT o.order_id, o.ts
  FROM d04_orders o
)
SELECT AVG(o.order_id) AS avg_vol, window_time
FROM orders_with_details o
GROUP BY window_time;
 in src: 
2026-09-09 19:20:18  INFO      sql: CREATE TABLE employee_count AS
SELECT dept_id, COUNT(*) AS emp_count
FROM employees
GROUP BY dept_id;
 in src: mine.sql
2026-09-09 19:20:18  INFO      sql: CREATE TABLE employee_count AS
SELECT dept_id, COUNT(*) AS emp_count
FROM employees
GROUP BY dept_id;
 in src: 
2026-09-09 19:20:18  INFO      sql: CREATE TABLE IF NOT EXISTS summary AS SELECT 1 AS val;
 in src: 
2026-09-09 19:20:18  INFO      sql: CREATE TABLE `fact.orders` AS SELECT id FROM raw;
 in src: 
2026-09-09 19:20:18  INFO      sql: CREATE TABLE result WITH (
    'connector' = 'kafka',
    'topic' = 'results'
) AS SELECT id, name FROM source_tbl;
 in src: 
2026-09-09 19:20:18  INFO      sql: CREATE TABLE employee_count AS
SELECT dept_id, COUNT(*) AS emp_count
FROM employees
GROUP BY dept_id;
 in src: 
2026-09-09 19:20:18  INFO      sql: ALTER TABLE employee_count SET ('changelog-mode' = 'append');
CREATE TABLE employee_count AS
SELECT dept_id, COUNT(*) AS emp_count FROM employees GROUP BY dept_id;
 in src: 
2026-09-09 19:20:18  INFO      sql: CREATE TABLE employee_count AS
SELECT dept_id, COUNT(*) AS emp_count
FROM employees
GROUP BY dept_id;
 in src: 
2026-09-09 19:20:18  INFO      sql: create table employee_count (
    dept_id INT NOT NULL,
    emp_count BIGINT NOT NULL,
    PRIMARY KEY(dept_id) NOT ENFORCED
) with (
    'changelog.mode' = 'upsert',
    'key.format' = 'avro-registry',
    'value.format' = 'avro-registry'
) as
with deduplicated as (
    select * from employees
)
select dept_id, count(*) as emp_count from deduplicated group by dept_id;
 in src: 
2026-09-09 19:20:18  INFO      sql: create table employee_count (
    dept_id INT NOT NULL,
    emp_count BIGINT NOT NULL,
    PRIMARY KEY(dept_id) NOT ENFORCED
) with (
    'changelog.mode' = 'upsert',
    'key.format' = 'avro-registry',
    'value.format' = 'avro-registry'
) as
with deduplicated as (
    select * from employees
)
select dept_id, count(*) as emp_count from deduplicated group by dept_id;
 in src: 
2026-09-09 19:20:18  INFO      sql: create table employee_count (
    dept_id INT NOT NULL,
    emp_count BIGINT NOT NULL,
    PRIMARY KEY(dept_id) NOT ENFORCED
) with (
    'changelog.mode' = 'upsert',
    'key.format' = 'avro-registry',
    'value.format' = 'avro-registry'
) as
with deduplicated as (
    select * from employees
)
select dept_id, count(*) as emp_count from deduplicated group by dept_id;
 in src: 
2026-09-09 19:20:18  INFO      sql: INSERT INTO t SELECT 1 in src: 
2026-09-09 19:20:18  INFO      sql: CREATE TABLE t (id INT) in src: 
2026-09-09 19:20:18  INFO      sql: CREATE TABLE t AS in src: 
2026-09-09 19:20:18  INFO      sql: CREATE TABLE t AS SELECT 1 in src: 
2026-09-09 19:20:18  INFO      sql: CREATE TABLE t AS WITH cte AS (SELECT 1) SELECT * FROM cte in src: 
2026-09-09 19:20:18  INFO      migrate_one_file | statement_file=/Users/jerome/Documents/Code/flink-studies/code/flink-sql/00-basic-sql/cc-flink/dml.employee_count.sql target_dir=/Users/jerome/Documents/Code/flink-studies/code/dbt/tools/tests/dbt_out/models/employees model_name=None materialized=streaming_table write=False force=False check=False no_sources=False
2026-09-09 19:20:18  INFO      migrate_dml_to_dbt | statement_file=/Users/jerome/Documents/Code/flink-studies/code/flink-sql/00-basic-sql/cc-flink/dml.employee_count.sql target_dir=/Users/jerome/Documents/Code/flink-studies/code/dbt/tools/tests/dbt_out/models/employees model_name=None materialized=streaming_table force=False resolve_sources=True
2026-09-09 19:20:18  INFO      sql: create table employee_count (
    dept_id INT NOT NULL,
    emp_count BIGINT NOT NULL,
     PRIMARY KEY(dept_id) NOT ENFORCED
) with (
 'changelog.mode' = 'upsert',
  'key.avro-registry.schema-context' = '.flink-dev',
  'value.avro-registry.schema-context' = '.flink-dev',
  'key.format' = 'avro-registry',
  'value.format' = 'avro-registry',
  'scan.bounded.mode' = 'unbounded',
  'kafka.cleanup-policy' = 'compact',
  'scan.startup.mode' = 'earliest-offset',
  'value.fields-include' = 'all'
) as 
with deduplicated_employees as (
    select * from (
        select *,
        ROW_NUMBER() OVER (PARTITION BY emp_id ORDER BY emp_id DESC) as row_num
        from employees
    ) where row_num = 1
)
select coalesce(dept_id, 0) as dept_id, count(*) as emp_count from deduplicated_employees group by dept_id in src: dml.employee_count.sql
2026-09-09 19:20:18  INFO      MigrationResult(model_name='employee_count', model_sql="{{ config(\n    materialized='streaming_table',\n    with={\n        'changelog.mode': 'upsert',\n        'key.avro-registry.schema-context': '.flink-dev',\n        'value.avro-registry.schema-context': '.flink-dev',\n        'key.format': 'avro-registry',\n        'value.format': 'avro-registry',\n        'scan.bounded.mode': 'unbounded',\n        'kafka.cleanup-policy': 'compact',\n        'scan.startup.mode': 'earliest-offset',\n        'value.fields-include': 'all'\n    }\n) }}\n\n-- Migrated from dml.employee_count.sql\nwith deduplicated_employees as (\n    select * from (\n        select *,\n        ROW_NUMBER() OVER (PARTITION BY emp_id ORDER BY emp_id DESC) as row_num\n        from {{ source('cc_flink', 'employees') }}\n    ) where row_num = 1\n)\nselect coalesce(dept_id, 0) as dept_id, count(*) as emp_count from deduplicated_employees group by dept_id\n", schema_yml='version: 2\nmodels:\n- name: employee_count\n  description: Migrated from dml.employee_count.sql\n  columns:\n  - name: dept_id\n    data_type: INT\n  - name: emp_count\n    data_type: BIGINT\n', model_path=PosixPath('/Users/jerome/Documents/Code/flink-studies/code/dbt/tools/tests/dbt_out/models/employees/employee_count.sql'), schema_path=PosixPath('/Users/jerome/Documents/Code/flink-studies/code/dbt/tools/tests/dbt_out/models/employees/schema.yml'), ddl_path=PosixPath('/Users/jerome/Documents/Code/flink-studies/code/flink-sql/00-basic-sql/cc-flink/dml.employee_count.sql'), sources_yml='version: 2\nsources:\n- name: cc_flink\n  tables:\n  - name: employees\n    identifier: employees\n    columns:\n    - name: emp_id\n      data_type: INT\n    - name: name\n      data_type: VARCHAR\n    - name: dept_id\n      data_type: INT\n', sources_path=PosixPath('/Users/jerome/Documents/Code/flink-studies/code/dbt/tools/tests/dbt_out/models/sources.yaml'), upstream_tables=['employees'])
2026-09-09 19:20:18  INFO      migrate_one_file | statement_file=/Users/jerome/Documents/Code/flink-studies/code/flink-sql/00-basic-sql/cc-flink/dml.employee_count.sql target_dir=/Users/jerome/Documents/Code/flink-studies/code/dbt/tools/tests/dbt_out/models/employee model_name=None materialized=streaming_table write=True force=True check=False no_sources=False
2026-09-09 19:20:18  INFO      migrate_dml_to_dbt | statement_file=/Users/jerome/Documents/Code/flink-studies/code/flink-sql/00-basic-sql/cc-flink/dml.employee_count.sql target_dir=/Users/jerome/Documents/Code/flink-studies/code/dbt/tools/tests/dbt_out/models/employee model_name=None materialized=streaming_table force=True resolve_sources=True
2026-09-09 19:20:18  INFO      sql: create table employee_count (
    dept_id INT NOT NULL,
    emp_count BIGINT NOT NULL,
     PRIMARY KEY(dept_id) NOT ENFORCED
) with (
 'changelog.mode' = 'upsert',
  'key.avro-registry.schema-context' = '.flink-dev',
  'value.avro-registry.schema-context' = '.flink-dev',
  'key.format' = 'avro-registry',
  'value.format' = 'avro-registry',
  'scan.bounded.mode' = 'unbounded',
  'kafka.cleanup-policy' = 'compact',
  'scan.startup.mode' = 'earliest-offset',
  'value.fields-include' = 'all'
) as 
with deduplicated_employees as (
    select * from (
        select *,
        ROW_NUMBER() OVER (PARTITION BY emp_id ORDER BY emp_id DESC) as row_num
        from employees
    ) where row_num = 1
)
select coalesce(dept_id, 0) as dept_id, count(*) as emp_count from deduplicated_employees group by dept_id in src: dml.employee_count.sql
2026-09-09 19:20:18  INFO      MigrationResult(model_name='employee_count', model_sql="{{ config(\n    materialized='streaming_table',\n    with={\n        'changelog.mode': 'upsert',\n        'key.avro-registry.schema-context': '.flink-dev',\n        'value.avro-registry.schema-context': '.flink-dev',\n        'key.format': 'avro-registry',\n        'value.format': 'avro-registry',\n        'scan.bounded.mode': 'unbounded',\n        'kafka.cleanup-policy': 'compact',\n        'scan.startup.mode': 'earliest-offset',\n        'value.fields-include': 'all'\n    }\n) }}\n\n-- Migrated from dml.employee_count.sql\nwith deduplicated_employees as (\n    select * from (\n        select *,\n        ROW_NUMBER() OVER (PARTITION BY emp_id ORDER BY emp_id DESC) as row_num\n        from {{ source('cc_flink', 'employees') }}\n    ) where row_num = 1\n)\nselect coalesce(dept_id, 0) as dept_id, count(*) as emp_count from deduplicated_employees group by dept_id\n", schema_yml='version: 2\nmodels:\n- name: employee_count\n  description: Migrated from dml.employee_count.sql\n  columns:\n  - name: dept_id\n    data_type: INT\n  - name: emp_count\n    data_type: BIGINT\n', model_path=PosixPath('/Users/jerome/Documents/Code/flink-studies/code/dbt/tools/tests/dbt_out/models/employee/employee_count.sql'), schema_path=PosixPath('/Users/jerome/Documents/Code/flink-studies/code/dbt/tools/tests/dbt_out/models/employee/schema.yml'), ddl_path=PosixPath('/Users/jerome/Documents/Code/flink-studies/code/flink-sql/00-basic-sql/cc-flink/dml.employee_count.sql'), sources_yml='version: 2\nsources:\n- name: cc_flink\n  tables:\n  - name: employees\n    identifier: employees\n    columns:\n    - name: emp_id\n      data_type: INT\n    - name: name\n      data_type: VARCHAR\n    - name: dept_id\n      data_type: INT\n', sources_path=PosixPath('/Users/jerome/Documents/Code/flink-studies/code/dbt/tools/tests/dbt_out/models/sources.yaml'), upstream_tables=['employees'])
2026-09-09 19:20:18  INFO      migrate_sl_folder | pipeline_dir=/Users/jerome/Documents/Code/shift_left_utils/src/shift_left/tests/data/flink-project/pipelines dbt_project_dir=/private/var/folders/db/173vw5n568ggqk093dt16d600000gn/T/pytest-of-jerome/pytest-30/test_cli_sl_repo_to_dbt0 write=True force=False
2026-09-09 19:20:18  INFO      migrate_values_dml_to_seed | statement_file=/Users/jerome/Documents/Code/shift_left_utils/src/shift_left/tests/data/flink-project/pipelines/seeds/c360/raw_groups/sql-scripts/dml.raw_groups.sql seeds_dir=/private/var/folders/db/173vw5n568ggqk093dt16d600000gn/T/pytest-of-jerome/pytest-30/test_cli_sl_repo_to_dbt0/seeds seed_name=None force=False
2026-09-09 19:20:18  INFO      migrate_values_dml_to_seed | statement_file=/Users/jerome/Documents/Code/shift_left_utils/src/shift_left/tests/data/flink-project/pipelines/seeds/common/orphan/sql-scripts/dml.orphan.sql seeds_dir=/private/var/folders/db/173vw5n568ggqk093dt16d600000gn/T/pytest-of-jerome/pytest-30/test_cli_sl_repo_to_dbt0/seeds seed_name=None force=False
2026-09-09 19:20:18  INFO      migrate_values_dml_to_seed | statement_file=/Users/jerome/Documents/Code/shift_left_utils/src/shift_left/tests/data/flink-project/pipelines/seeds/common/raw_tenants/sql-scripts/dml.raw_tenants.sql seeds_dir=/private/var/folders/db/173vw5n568ggqk093dt16d600000gn/T/pytest-of-jerome/pytest-30/test_cli_sl_repo_to_dbt0/seeds seed_name=None force=False
2026-09-09 19:20:18  INFO      migrate_values_dml_to_seed | statement_file=/Users/jerome/Documents/Code/shift_left_utils/src/shift_left/tests/data/flink-project/pipelines/sources/common/src_table_1/sql-scripts/dml.src_table_1.sql seeds_dir=/private/var/folders/db/173vw5n568ggqk093dt16d600000gn/T/pytest-of-jerome/pytest-30/test_cli_sl_repo_to_dbt0/seeds seed_name=None force=False
2026-09-09 19:20:18  INFO      migrate_values_dml_to_seed | statement_file=/Users/jerome/Documents/Code/shift_left_utils/src/shift_left/tests/data/flink-project/pipelines/sources/p1/src_table_2/sql-scripts/dml.src_p1_table_2.sql seeds_dir=/private/var/folders/db/173vw5n568ggqk093dt16d600000gn/T/pytest-of-jerome/pytest-30/test_cli_sl_repo_to_dbt0/seeds seed_name=None force=False
2026-09-09 19:20:18  INFO      migrate_values_dml_to_seed | statement_file=/Users/jerome/Documents/Code/shift_left_utils/src/shift_left/tests/data/flink-project/pipelines/sources/p1/src_table_3/sql-scripts/dml.src_p1_table_3.sql seeds_dir=/private/var/folders/db/173vw5n568ggqk093dt16d600000gn/T/pytest-of-jerome/pytest-30/test_cli_sl_repo_to_dbt0/seeds seed_name=None force=False
2026-09-09 19:20:18  INFO      migrate_values_dml_to_seed | statement_file=/Users/jerome/Documents/Code/shift_left_utils/src/shift_left/tests/data/flink-project/pipelines/sources/p2/src_a/sql-scripts/dml.src_a.sql seeds_dir=/private/var/folders/db/173vw5n568ggqk093dt16d600000gn/T/pytest-of-jerome/pytest-30/test_cli_sl_repo_to_dbt0/seeds seed_name=None force=False
2026-09-09 19:20:18  INFO      migrate_values_dml_to_seed | statement_file=/Users/jerome/Documents/Code/shift_left_utils/src/shift_left/tests/data/flink-project/pipelines/sources/p2/src_b/sql-scripts/dml.src_b.sql seeds_dir=/private/var/folders/db/173vw5n568ggqk093dt16d600000gn/T/pytest-of-jerome/pytest-30/test_cli_sl_repo_to_dbt0/seeds seed_name=None force=False
2026-09-09 19:20:18  INFO      migrate_values_dml_to_seed | statement_file=/Users/jerome/Documents/Code/shift_left_utils/src/shift_left/tests/data/flink-project/pipelines/sources/p2/src_x/sql-scripts/dml.src_x.sql seeds_dir=/private/var/folders/db/173vw5n568ggqk093dt16d600000gn/T/pytest-of-jerome/pytest-30/test_cli_sl_repo_to_dbt0/seeds seed_name=None force=False
2026-09-09 19:20:18  INFO      migrate_values_dml_to_seed | statement_file=/Users/jerome/Documents/Code/shift_left_utils/src/shift_left/tests/data/flink-project/pipelines/sources/p2/src_y/sql-scripts/dml.src_y.sql seeds_dir=/private/var/folders/db/173vw5n568ggqk093dt16d600000gn/T/pytest-of-jerome/pytest-30/test_cli_sl_repo_to_dbt0/seeds seed_name=None force=False
2026-09-09 19:20:48  INFO      migrate_one_file | statement_file=/Users/jerome/Documents/Code/flink-studies/code/flink-sql/00-basic-sql/cc-flink/dml.employee_count.sql target_dir=/Users/jerome/Documents/Code/flink-studies/code/dbt/tools/tests/dbt_out/models/employee model_name=None materialized=streaming_table write=True force=True check=False no_sources=False
2026-09-09 19:20:48  INFO      migrate_dml_to_dbt | statement_file=/Users/jerome/Documents/Code/flink-studies/code/flink-sql/00-basic-sql/cc-flink/dml.employee_count.sql target_dir=/Users/jerome/Documents/Code/flink-studies/code/dbt/tools/tests/dbt_out/models/employee model_name=None materialized=streaming_table force=True resolve_sources=True
2026-09-09 19:20:48  INFO      sql: create table employee_count (
    dept_id INT NOT NULL,
    emp_count BIGINT NOT NULL,
     PRIMARY KEY(dept_id) NOT ENFORCED
) with (
 'changelog.mode' = 'upsert',
  'key.avro-registry.schema-context' = '.flink-dev',
  'value.avro-registry.schema-context' = '.flink-dev',
  'key.format' = 'avro-registry',
  'value.format' = 'avro-registry',
  'scan.bounded.mode' = 'unbounded',
  'kafka.cleanup-policy' = 'compact',
  'scan.startup.mode' = 'earliest-offset',
  'value.fields-include' = 'all'
) as 
with deduplicated_employees as (
    select * from (
        select *,
        ROW_NUMBER() OVER (PARTITION BY emp_id ORDER BY emp_id DESC) as row_num
        from employees
    ) where row_num = 1
)
select coalesce(dept_id, 0) as dept_id, count(*) as emp_count from deduplicated_employees group by dept_id in src: dml.employee_count.sql
2026-09-09 19:20:48  INFO      MigrationResult(model_name='employee_count', model_sql="{{ config(\n    materialized='streaming_table',\n    with={\n        'changelog.mode': 'upsert',\n        'key.avro-registry.schema-context': '.flink-dev',\n        'value.avro-registry.schema-context': '.flink-dev',\n        'key.format': 'avro-registry',\n        'value.format': 'avro-registry',\n        'scan.bounded.mode': 'unbounded',\n        'kafka.cleanup-policy': 'compact',\n        'scan.startup.mode': 'earliest-offset',\n        'value.fields-include': 'all'\n    }\n) }}\n\n-- Migrated from dml.employee_count.sql\nwith deduplicated_employees as (\n    select * from (\n        select *,\n        ROW_NUMBER() OVER (PARTITION BY emp_id ORDER BY emp_id DESC) as row_num\n        from {{ source('cc_flink', 'employees') }}\n    ) where row_num = 1\n)\nselect coalesce(dept_id, 0) as dept_id, count(*) as emp_count from deduplicated_employees group by dept_id\n", schema_yml='version: 2\nmodels:\n- name: employee_count\n  description: Migrated from dml.employee_count.sql\n  columns:\n  - name: dept_id\n    data_type: INT\n  - name: emp_count\n    data_type: BIGINT\n', model_path=PosixPath('/Users/jerome/Documents/Code/flink-studies/code/dbt/tools/tests/dbt_out/models/employee/employee_count.sql'), schema_path=PosixPath('/Users/jerome/Documents/Code/flink-studies/code/dbt/tools/tests/dbt_out/models/employee/schema.yml'), ddl_path=PosixPath('/Users/jerome/Documents/Code/flink-studies/code/flink-sql/00-basic-sql/cc-flink/dml.employee_count.sql'), sources_yml='version: 2\nsources:\n- name: cc_flink\n  tables:\n  - name: employees\n    identifier: employees\n    columns:\n    - name: emp_id\n      data_type: INT\n    - name: name\n      data_type: VARCHAR\n    - name: dept_id\n      data_type: INT\n', sources_path=PosixPath('/Users/jerome/Documents/Code/flink-studies/code/dbt/tools/tests/dbt_out/models/sources.yaml'), upstream_tables=['employees'])
